nohup: ignoring input

Collecting usage statistics. To deactivate, set browser.gatherUsageStats to false.


  You can now view your Streamlit app in your browser.

  Local URL: http://localhost:8501
  Network URL: http://172.31.14.177:8501
  External URL: http://3.110.177.117:8501

Received notification from DBMS server: <GqlStatusObject gql_status='01N01', status_description="warn: feature deprecated with replacement. ':MENTIONS|:RELATED_TO' is deprecated. It is replaced by ':MENTIONS|RELATED_TO'.", position=<SummaryInputPosition line=1, column=79, offset=78>, raw_classification='DEPRECATION', classification=<NotificationClassification.DEPRECATION: 'DEPRECATION'>, raw_severity='WARNING', severity=<NotificationSeverity.WARNING: 'WARNING'>, diagnostic_record={'_classification': 'DEPRECATION', '_severity': 'WARNING', '_position': {'offset': 78, 'line': 1, 'column': 79}, 'OPERATION': '', 'OPERATION_CODE': '0', 'CURRENT_SCHEMA': '/'}> for query: "EXPLAIN MATCH (b:Book {book_id: $book_id}) OPTIONAL MATCH (content)-[:MENTIONS|:RELATED_TO]-(concept:Concept) WHERE (content.title CONTAINS 'class' OR content.title CONTAINS 'Class' OR content.title CONTAINS 'creating' OR content.title CONTAINS 'Creating' OR concept.name CONTAINS 'class' OR concept.name CONTAINS 'Class') AND (content:Section OR content:Chapter OR content:Question OR content:Algorithm) WITH DISTINCT content, concept ORDER BY CASE WHEN content.title CONTAINS 'Creating a Java Class' THEN 1 WHEN content.title CONTAINS 'class' OR content.title CONTAINS 'Class' THEN 2 ELSE 3 END, content.chapter_no, content.section_no LIMIT $limit RETURN content.title as title, content.chapter_no as chapter, content.section_no as section, labels(content) as type, concept.name as related_concept"
Received notification from DBMS server: <GqlStatusObject gql_status='01N01', status_description="warn: feature deprecated with replacement. ':MENTIONS|:RELATED_TO' is deprecated. It is replaced by ':MENTIONS|RELATED_TO'.", position=<SummaryInputPosition line=1, column=71, offset=70>, raw_classification='DEPRECATION', classification=<NotificationClassification.DEPRECATION: 'DEPRECATION'>, raw_severity='WARNING', severity=<NotificationSeverity.WARNING: 'WARNING'>, diagnostic_record={'_classification': 'DEPRECATION', '_severity': 'WARNING', '_position': {'offset': 70, 'line': 1, 'column': 71}, 'OPERATION': '', 'OPERATION_CODE': '0', 'CURRENT_SCHEMA': '/'}> for query: "MATCH (b:Book {book_id: $book_id}) OPTIONAL MATCH (content)-[:MENTIONS|:RELATED_TO]-(concept:Concept) WHERE (content.title CONTAINS 'class' OR content.title CONTAINS 'Class' OR content.title CONTAINS 'creating' OR content.title CONTAINS 'Creating' OR concept.name CONTAINS 'class' OR concept.name CONTAINS 'Class') AND (content:Section OR content:Chapter OR content:Question OR content:Algorithm) WITH DISTINCT content, concept ORDER BY CASE WHEN content.title CONTAINS 'Creating a Java Class' THEN 1 WHEN content.title CONTAINS 'class' OR content.title CONTAINS 'Class' THEN 2 ELSE 3 END, content.chapter_no, content.section_no LIMIT $limit RETURN content.title as title, content.chapter_no as chapter, content.section_no as section, labels(content) as type, concept.name as related_concept"
2026-02-15 12:04:08.561 Please replace `use_container_width` with `width`.

`use_container_width` will be removed after 2025-12-31.

For `use_container_width=True`, use `width='stretch'`. For `use_container_width=False`, use `width='content'`.
2026-02-15 12:04:08.574 Please replace `use_container_width` with `width`.

`use_container_width` will be removed after 2025-12-31.

For `use_container_width=True`, use `width='stretch'`. For `use_container_width=False`, use `width='content'`.
2026-02-15 12:04:08.578 Please replace `use_container_width` with `width`.

`use_container_width` will be removed after 2025-12-31.

For `use_container_width=True`, use `width='stretch'`. For `use_container_width=False`, use `width='content'`.
2026-02-15 12:06:13.616 Please replace `use_container_width` with `width`.

`use_container_width` will be removed after 2025-12-31.

For `use_container_width=True`, use `width='stretch'`. For `use_container_width=False`, use `width='content'`.
2026-02-15 12:06:13.619 Please replace `use_container_width` with `width`.

`use_container_width` will be removed after 2025-12-31.

For `use_container_width=True`, use `width='stretch'`. For `use_container_width=False`, use `width='content'`.
2026-02-15 12:06:13.622 Please replace `use_container_width` with `width`.

`use_container_width` will be removed after 2025-12-31.

For `use_container_width=True`, use `width='stretch'`. For `use_container_width=False`, use `width='content'`.
2026-02-15 12:06:25.458 Please replace `use_container_width` with `width`.

`use_container_width` will be removed after 2025-12-31.

For `use_container_width=True`, use `width='stretch'`. For `use_container_width=False`, use `width='content'`.
2026-02-15 12:06:25.462 Please replace `use_container_width` with `width`.

`use_container_width` will be removed after 2025-12-31.

For `use_container_width=True`, use `width='stretch'`. For `use_container_width=False`, use `width='content'`.
2026-02-15 12:06:25.467 Please replace `use_container_width` with `width`.

`use_container_width` will be removed after 2025-12-31.

For `use_container_width=True`, use `width='stretch'`. For `use_container_width=False`, use `width='content'`.
2026-02-15 12:06:27.430 Please replace `use_container_width` with `width`.

`use_container_width` will be removed after 2025-12-31.

For `use_container_width=True`, use `width='stretch'`. For `use_container_width=False`, use `width='content'`.
2026-02-15 12:06:27.435 Please replace `use_container_width` with `width`.

`use_container_width` will be removed after 2025-12-31.

For `use_container_width=True`, use `width='stretch'`. For `use_container_width=False`, use `width='content'`.
2026-02-15 12:06:27.438 Please replace `use_container_width` with `width`.

`use_container_width` will be removed after 2025-12-31.

For `use_container_width=True`, use `width='stretch'`. For `use_container_width=False`, use `width='content'`.
Received notification from DBMS server: <GqlStatusObject gql_status='01N52', status_description='warn: property key does not exist. The property `content` does not exist. Verify that the spelling is correct.', position=<SummaryInputPosition line=1, column=109, offset=108>, raw_classification='UNRECOGNIZED', classification=<NotificationClassification.UNRECOGNIZED: 'UNRECOGNIZED'>, raw_severity='WARNING', severity=<NotificationSeverity.WARNING: 'WARNING'>, diagnostic_record={'_classification': 'UNRECOGNIZED', '_severity': 'WARNING', '_position': {'offset': 108, 'line': 1, 'column': 109}, 'OPERATION': '', 'OPERATION_CODE': '0', 'CURRENT_SCHEMA': '/'}> for query: "EXPLAIN MATCH (n) WHERE n.book_id = $book_id AND (n.name CONTAINS 'static' OR n.text CONTAINS 'static' OR n.content CONTAINS 'static') AND (n.name CONTAINS 'variable' OR n.text CONTAINS 'variable' OR n.content CONTAINS 'variable' OR n.name CONTAINS 'access' OR n.text CONTAINS 'access' OR n.content CONTAINS 'access') OPTIONAL MATCH (n)-[r:MENTIONS|RELATED_TO]-(related) WHERE related.book_id = $book_id RETURN n.name as name, labels(n) as node_types, COALESCE(n.text, n.content, n.description) as content, n.chapter_no as chapter, n.section_no as section, n.page_start as page_start, n.page_end as page_end, collect(DISTINCT related.name) as related_concepts ORDER BY n.chapter_no, n.section_no, n.page_start LIMIT $limit"
Received notification from DBMS server: <GqlStatusObject gql_status='01N52', status_description='warn: property key does not exist. The property `content` does not exist. Verify that the spelling is correct.', position=<SummaryInputPosition line=1, column=203, offset=202>, raw_classification='UNRECOGNIZED', classification=<NotificationClassification.UNRECOGNIZED: 'UNRECOGNIZED'>, raw_severity='WARNING', severity=<NotificationSeverity.WARNING: 'WARNING'>, diagnostic_record={'_classification': 'UNRECOGNIZED', '_severity': 'WARNING', '_position': {'offset': 202, 'line': 1, 'column': 203}, 'OPERATION': '', 'OPERATION_CODE': '0', 'CURRENT_SCHEMA': '/'}> for query: "EXPLAIN MATCH (n) WHERE n.book_id = $book_id AND (n.name CONTAINS 'static' OR n.text CONTAINS 'static' OR n.content CONTAINS 'static') AND (n.name CONTAINS 'variable' OR n.text CONTAINS 'variable' OR n.content CONTAINS 'variable' OR n.name CONTAINS 'access' OR n.text CONTAINS 'access' OR n.content CONTAINS 'access') OPTIONAL MATCH (n)-[r:MENTIONS|RELATED_TO]-(related) WHERE related.book_id = $book_id RETURN n.name as name, labels(n) as node_types, COALESCE(n.text, n.content, n.description) as content, n.chapter_no as chapter, n.section_no as section, n.page_start as page_start, n.page_end as page_end, collect(DISTINCT related.name) as related_concepts ORDER BY n.chapter_no, n.section_no, n.page_start LIMIT $limit"
Received notification from DBMS server: <GqlStatusObject gql_status='01N52', status_description='warn: property key does not exist. The property `content` does not exist. Verify that the spelling is correct.', position=<SummaryInputPosition line=1, column=292, offset=291>, raw_classification='UNRECOGNIZED', classification=<NotificationClassification.UNRECOGNIZED: 'UNRECOGNIZED'>, raw_severity='WARNING', severity=<NotificationSeverity.WARNING: 'WARNING'>, diagnostic_record={'_classification': 'UNRECOGNIZED', '_severity': 'WARNING', '_position': {'offset': 291, 'line': 1, 'column': 292}, 'OPERATION': '', 'OPERATION_CODE': '0', 'CURRENT_SCHEMA': '/'}> for query: "EXPLAIN MATCH (n) WHERE n.book_id = $book_id AND (n.name CONTAINS 'static' OR n.text CONTAINS 'static' OR n.content CONTAINS 'static') AND (n.name CONTAINS 'variable' OR n.text CONTAINS 'variable' OR n.content CONTAINS 'variable' OR n.name CONTAINS 'access' OR n.text CONTAINS 'access' OR n.content CONTAINS 'access') OPTIONAL MATCH (n)-[r:MENTIONS|RELATED_TO]-(related) WHERE related.book_id = $book_id RETURN n.name as name, labels(n) as node_types, COALESCE(n.text, n.content, n.description) as content, n.chapter_no as chapter, n.section_no as section, n.page_start as page_start, n.page_end as page_end, collect(DISTINCT related.name) as related_concepts ORDER BY n.chapter_no, n.section_no, n.page_start LIMIT $limit"
Received notification from DBMS server: <GqlStatusObject gql_status='01N52', status_description='warn: property key does not exist. The property `content` does not exist. Verify that the spelling is correct.', position=<SummaryInputPosition line=1, column=472, offset=471>, raw_classification='UNRECOGNIZED', classification=<NotificationClassification.UNRECOGNIZED: 'UNRECOGNIZED'>, raw_severity='WARNING', severity=<NotificationSeverity.WARNING: 'WARNING'>, diagnostic_record={'_classification': 'UNRECOGNIZED', '_severity': 'WARNING', '_position': {'offset': 471, 'line': 1, 'column': 472}, 'OPERATION': '', 'OPERATION_CODE': '0', 'CURRENT_SCHEMA': '/'}> for query: "EXPLAIN MATCH (n) WHERE n.book_id = $book_id AND (n.name CONTAINS 'static' OR n.text CONTAINS 'static' OR n.content CONTAINS 'static') AND (n.name CONTAINS 'variable' OR n.text CONTAINS 'variable' OR n.content CONTAINS 'variable' OR n.name CONTAINS 'access' OR n.text CONTAINS 'access' OR n.content CONTAINS 'access') OPTIONAL MATCH (n)-[r:MENTIONS|RELATED_TO]-(related) WHERE related.book_id = $book_id RETURN n.name as name, labels(n) as node_types, COALESCE(n.text, n.content, n.description) as content, n.chapter_no as chapter, n.section_no as section, n.page_start as page_start, n.page_end as page_end, collect(DISTINCT related.name) as related_concepts ORDER BY n.chapter_no, n.section_no, n.page_start LIMIT $limit"
Received notification from DBMS server: <GqlStatusObject gql_status='01N52', status_description='warn: property key does not exist. The property `content` does not exist. Verify that the spelling is correct.', position=<SummaryInputPosition line=1, column=101, offset=100>, raw_classification='UNRECOGNIZED', classification=<NotificationClassification.UNRECOGNIZED: 'UNRECOGNIZED'>, raw_severity='WARNING', severity=<NotificationSeverity.WARNING: 'WARNING'>, diagnostic_record={'_classification': 'UNRECOGNIZED', '_severity': 'WARNING', '_position': {'offset': 100, 'line': 1, 'column': 101}, 'OPERATION': '', 'OPERATION_CODE': '0', 'CURRENT_SCHEMA': '/'}> for query: "MATCH (n) WHERE n.book_id = $book_id AND (n.name CONTAINS 'static' OR n.text CONTAINS 'static' OR n.content CONTAINS 'static') AND (n.name CONTAINS 'variable' OR n.text CONTAINS 'variable' OR n.content CONTAINS 'variable' OR n.name CONTAINS 'access' OR n.text CONTAINS 'access' OR n.content CONTAINS 'access') OPTIONAL MATCH (n)-[r:MENTIONS|RELATED_TO]-(related) WHERE related.book_id = $book_id RETURN n.name as name, labels(n) as node_types, COALESCE(n.text, n.content, n.description) as content, n.chapter_no as chapter, n.section_no as section, n.page_start as page_start, n.page_end as page_end, collect(DISTINCT related.name) as related_concepts ORDER BY n.chapter_no, n.section_no, n.page_start LIMIT $limit"
Received notification from DBMS server: <GqlStatusObject gql_status='01N52', status_description='warn: property key does not exist. The property `content` does not exist. Verify that the spelling is correct.', position=<SummaryInputPosition line=1, column=195, offset=194>, raw_classification='UNRECOGNIZED', classification=<NotificationClassification.UNRECOGNIZED: 'UNRECOGNIZED'>, raw_severity='WARNING', severity=<NotificationSeverity.WARNING: 'WARNING'>, diagnostic_record={'_classification': 'UNRECOGNIZED', '_severity': 'WARNING', '_position': {'offset': 194, 'line': 1, 'column': 195}, 'OPERATION': '', 'OPERATION_CODE': '0', 'CURRENT_SCHEMA': '/'}> for query: "MATCH (n) WHERE n.book_id = $book_id AND (n.name CONTAINS 'static' OR n.text CONTAINS 'static' OR n.content CONTAINS 'static') AND (n.name CONTAINS 'variable' OR n.text CONTAINS 'variable' OR n.content CONTAINS 'variable' OR n.name CONTAINS 'access' OR n.text CONTAINS 'access' OR n.content CONTAINS 'access') OPTIONAL MATCH (n)-[r:MENTIONS|RELATED_TO]-(related) WHERE related.book_id = $book_id RETURN n.name as name, labels(n) as node_types, COALESCE(n.text, n.content, n.description) as content, n.chapter_no as chapter, n.section_no as section, n.page_start as page_start, n.page_end as page_end, collect(DISTINCT related.name) as related_concepts ORDER BY n.chapter_no, n.section_no, n.page_start LIMIT $limit"
Received notification from DBMS server: <GqlStatusObject gql_status='01N52', status_description='warn: property key does not exist. The property `content` does not exist. Verify that the spelling is correct.', position=<SummaryInputPosition line=1, column=284, offset=283>, raw_classification='UNRECOGNIZED', classification=<NotificationClassification.UNRECOGNIZED: 'UNRECOGNIZED'>, raw_severity='WARNING', severity=<NotificationSeverity.WARNING: 'WARNING'>, diagnostic_record={'_classification': 'UNRECOGNIZED', '_severity': 'WARNING', '_position': {'offset': 283, 'line': 1, 'column': 284}, 'OPERATION': '', 'OPERATION_CODE': '0', 'CURRENT_SCHEMA': '/'}> for query: "MATCH (n) WHERE n.book_id = $book_id AND (n.name CONTAINS 'static' OR n.text CONTAINS 'static' OR n.content CONTAINS 'static') AND (n.name CONTAINS 'variable' OR n.text CONTAINS 'variable' OR n.content CONTAINS 'variable' OR n.name CONTAINS 'access' OR n.text CONTAINS 'access' OR n.content CONTAINS 'access') OPTIONAL MATCH (n)-[r:MENTIONS|RELATED_TO]-(related) WHERE related.book_id = $book_id RETURN n.name as name, labels(n) as node_types, COALESCE(n.text, n.content, n.description) as content, n.chapter_no as chapter, n.section_no as section, n.page_start as page_start, n.page_end as page_end, collect(DISTINCT related.name) as related_concepts ORDER BY n.chapter_no, n.section_no, n.page_start LIMIT $limit"
Received notification from DBMS server: <GqlStatusObject gql_status='01N52', status_description='warn: property key does not exist. The property `content` does not exist. Verify that the spelling is correct.', position=<SummaryInputPosition line=1, column=464, offset=463>, raw_classification='UNRECOGNIZED', classification=<NotificationClassification.UNRECOGNIZED: 'UNRECOGNIZED'>, raw_severity='WARNING', severity=<NotificationSeverity.WARNING: 'WARNING'>, diagnostic_record={'_classification': 'UNRECOGNIZED', '_severity': 'WARNING', '_position': {'offset': 463, 'line': 1, 'column': 464}, 'OPERATION': '', 'OPERATION_CODE': '0', 'CURRENT_SCHEMA': '/'}> for query: "MATCH (n) WHERE n.book_id = $book_id AND (n.name CONTAINS 'static' OR n.text CONTAINS 'static' OR n.content CONTAINS 'static') AND (n.name CONTAINS 'variable' OR n.text CONTAINS 'variable' OR n.content CONTAINS 'variable' OR n.name CONTAINS 'access' OR n.text CONTAINS 'access' OR n.content CONTAINS 'access') OPTIONAL MATCH (n)-[r:MENTIONS|RELATED_TO]-(related) WHERE related.book_id = $book_id RETURN n.name as name, labels(n) as node_types, COALESCE(n.text, n.content, n.description) as content, n.chapter_no as chapter, n.section_no as section, n.page_start as page_start, n.page_end as page_end, collect(DISTINCT related.name) as related_concepts ORDER BY n.chapter_no, n.section_no, n.page_start LIMIT $limit"
2026-02-15 12:06:54.029 Please replace `use_container_width` with `width`.

`use_container_width` will be removed after 2025-12-31.

For `use_container_width=True`, use `width='stretch'`. For `use_container_width=False`, use `width='content'`.
2026-02-15 12:06:54.033 Please replace `use_container_width` with `width`.

`use_container_width` will be removed after 2025-12-31.

For `use_container_width=True`, use `width='stretch'`. For `use_container_width=False`, use `width='content'`.
2026-02-15 12:06:54.037 Please replace `use_container_width` with `width`.

`use_container_width` will be removed after 2025-12-31.

For `use_container_width=True`, use `width='stretch'`. For `use_container_width=False`, use `width='content'`.
2026-02-15 12:14:08.583 Please replace `use_container_width` with `width`.

`use_container_width` will be removed after 2025-12-31.

For `use_container_width=True`, use `width='stretch'`. For `use_container_width=False`, use `width='content'`.
2026-02-15 12:14:08.587 Please replace `use_container_width` with `width`.

`use_container_width` will be removed after 2025-12-31.

For `use_container_width=True`, use `width='stretch'`. For `use_container_width=False`, use `width='content'`.
2026-02-15 12:14:08.591 Please replace `use_container_width` with `width`.

`use_container_width` will be removed after 2025-12-31.

For `use_container_width=True`, use `width='stretch'`. For `use_container_width=False`, use `width='content'`.
Received notification from DBMS server: <GqlStatusObject gql_status='01N52', status_description='warn: property key does not exist. The property `content` does not exist. Verify that the spelling is correct.', position=<SummaryInputPosition line=1, column=153, offset=152>, raw_classification='UNRECOGNIZED', classification=<NotificationClassification.UNRECOGNIZED: 'UNRECOGNIZED'>, raw_severity='WARNING', severity=<NotificationSeverity.WARNING: 'WARNING'>, diagnostic_record={'_classification': 'UNRECOGNIZED', '_severity': 'WARNING', '_position': {'offset': 152, 'line': 1, 'column': 153}, 'OPERATION': '', 'OPERATION_CODE': '0', 'CURRENT_SCHEMA': '/'}> for query: "EXPLAIN MATCH (n) WHERE n.book_id = $book_id AND (toLower(n.name) CONTAINS 'static variable' OR toLower(n.text) CONTAINS 'static variable' OR toLower(n.content) CONTAINS 'static variable' OR (toLower(n.name) CONTAINS 'static' AND toLower(n.name) CONTAINS 'access')) OPTIONAL MATCH (n)-[r]-(related) WHERE related.book_id = $book_id RETURN n.name as name, labels(n) as node_type, n.text as text, n.content as content, n.chapter_no as chapter, n.section_no as section, n.page_start as page_start, n.page_end as page_end, collect(DISTINCT {type: type(r), name: related.name, labels: labels(related)}) as related_items ORDER BY n.chapter_no, n.section_no, n.page_start LIMIT $limit"
Received notification from DBMS server: <GqlStatusObject gql_status='01N52', status_description='warn: property key does not exist. The property `content` does not exist. Verify that the spelling is correct.', position=<SummaryInputPosition line=1, column=398, offset=397>, raw_classification='UNRECOGNIZED', classification=<NotificationClassification.UNRECOGNIZED: 'UNRECOGNIZED'>, raw_severity='WARNING', severity=<NotificationSeverity.WARNING: 'WARNING'>, diagnostic_record={'_classification': 'UNRECOGNIZED', '_severity': 'WARNING', '_position': {'offset': 397, 'line': 1, 'column': 398}, 'OPERATION': '', 'OPERATION_CODE': '0', 'CURRENT_SCHEMA': '/'}> for query: "EXPLAIN MATCH (n) WHERE n.book_id = $book_id AND (toLower(n.name) CONTAINS 'static variable' OR toLower(n.text) CONTAINS 'static variable' OR toLower(n.content) CONTAINS 'static variable' OR (toLower(n.name) CONTAINS 'static' AND toLower(n.name) CONTAINS 'access')) OPTIONAL MATCH (n)-[r]-(related) WHERE related.book_id = $book_id RETURN n.name as name, labels(n) as node_type, n.text as text, n.content as content, n.chapter_no as chapter, n.section_no as section, n.page_start as page_start, n.page_end as page_end, collect(DISTINCT {type: type(r), name: related.name, labels: labels(related)}) as related_items ORDER BY n.chapter_no, n.section_no, n.page_start LIMIT $limit"
2026-02-15 12:14:17.594 Uncaught app execution
Traceback (most recent call last):
  File "/home/ubuntu/auqa-questify/myvenv/lib/python3.12/site-packages/streamlit/runtime/scriptrunner/exec_code.py", line 128, in exec_func_with_error_handling
    result = func()
             ^^^^^^
  File "/home/ubuntu/auqa-questify/myvenv/lib/python3.12/site-packages/streamlit/runtime/scriptrunner/script_runner.py", line 667, in code_to_exec
    _mpa_v1(self._main_script_path)
  File "/home/ubuntu/auqa-questify/myvenv/lib/python3.12/site-packages/streamlit/runtime/scriptrunner/script_runner.py", line 165, in _mpa_v1
    page.run()
  File "/home/ubuntu/auqa-questify/myvenv/lib/python3.12/site-packages/streamlit/navigation/page.py", line 300, in run
    exec(code, module.__dict__)  # noqa: S102
    ^^^^^^^^^^^^^^^^^^^^^^^^^^^
  File "/home/ubuntu/auqa-questify/pages/8_QuestIndex.py", line 301, in <module>
    rows: List[Dict[str, Any]] = []
                         ^^^
NameError: name 'Any' is not defined. Did you mean: 'any'?
2026-02-15 12:25:42.280 Please replace `use_container_width` with `width`.

`use_container_width` will be removed after 2025-12-31.

For `use_container_width=True`, use `width='stretch'`. For `use_container_width=False`, use `width='content'`.
2026-02-15 12:25:42.284 Please replace `use_container_width` with `width`.

`use_container_width` will be removed after 2025-12-31.

For `use_container_width=True`, use `width='stretch'`. For `use_container_width=False`, use `width='content'`.
2026-02-15 12:25:42.288 Please replace `use_container_width` with `width`.

`use_container_width` will be removed after 2025-12-31.

For `use_container_width=True`, use `width='stretch'`. For `use_container_width=False`, use `width='content'`.
Received notification from DBMS server: <GqlStatusObject gql_status='01N52', status_description='warn: property key does not exist. The property `content` does not exist. Verify that the spelling is correct.', position=<SummaryInputPosition line=1, column=160, offset=159>, raw_classification='UNRECOGNIZED', classification=<NotificationClassification.UNRECOGNIZED: 'UNRECOGNIZED'>, raw_severity='WARNING', severity=<NotificationSeverity.WARNING: 'WARNING'>, diagnostic_record={'_classification': 'UNRECOGNIZED', '_severity': 'WARNING', '_position': {'offset': 159, 'line': 1, 'column': 160}, 'OPERATION': '', 'OPERATION_CODE': '0', 'CURRENT_SCHEMA': '/'}> for query: "EXPLAIN MATCH (n) WHERE n.book_id = $book_id AND (toLower(n.name) CONTAINS 'static variable' OR toLower(n.description) CONTAINS 'static variable' OR toLower(n.content) CONTAINS 'static variable' OR (toLower(n.name) CONTAINS 'static' AND toLower(n.name) CONTAINS 'access')) OPTIONAL MATCH (n)-[r:RELATED_TO|MENTIONS]-(related) WHERE related.book_id = $book_id RETURN n.name as name, labels(n) as node_type, coalesce(n.description, n.content, '') as description, n.chapter_no as chapter, n.section_no as section, n.page_start as page_start, collect(DISTINCT related.name) as related_concepts ORDER BY n.chapter_no, n.section_no, n.page_start LIMIT $limit"
Received notification from DBMS server: <GqlStatusObject gql_status='01N52', status_description='warn: property key does not exist. The property `content` does not exist. Verify that the spelling is correct.', position=<SummaryInputPosition line=1, column=433, offset=432>, raw_classification='UNRECOGNIZED', classification=<NotificationClassification.UNRECOGNIZED: 'UNRECOGNIZED'>, raw_severity='WARNING', severity=<NotificationSeverity.WARNING: 'WARNING'>, diagnostic_record={'_classification': 'UNRECOGNIZED', '_severity': 'WARNING', '_position': {'offset': 432, 'line': 1, 'column': 433}, 'OPERATION': '', 'OPERATION_CODE': '0', 'CURRENT_SCHEMA': '/'}> for query: "EXPLAIN MATCH (n) WHERE n.book_id = $book_id AND (toLower(n.name) CONTAINS 'static variable' OR toLower(n.description) CONTAINS 'static variable' OR toLower(n.content) CONTAINS 'static variable' OR (toLower(n.name) CONTAINS 'static' AND toLower(n.name) CONTAINS 'access')) OPTIONAL MATCH (n)-[r:RELATED_TO|MENTIONS]-(related) WHERE related.book_id = $book_id RETURN n.name as name, labels(n) as node_type, coalesce(n.description, n.content, '') as description, n.chapter_no as chapter, n.section_no as section, n.page_start as page_start, collect(DISTINCT related.name) as related_concepts ORDER BY n.chapter_no, n.section_no, n.page_start LIMIT $limit"
Received notification from DBMS server: <GqlStatusObject gql_status='01N52', status_description='warn: property key does not exist. The property `content` does not exist. Verify that the spelling is correct.', position=<SummaryInputPosition line=1, column=152, offset=151>, raw_classification='UNRECOGNIZED', classification=<NotificationClassification.UNRECOGNIZED: 'UNRECOGNIZED'>, raw_severity='WARNING', severity=<NotificationSeverity.WARNING: 'WARNING'>, diagnostic_record={'_classification': 'UNRECOGNIZED', '_severity': 'WARNING', '_position': {'offset': 151, 'line': 1, 'column': 152}, 'OPERATION': '', 'OPERATION_CODE': '0', 'CURRENT_SCHEMA': '/'}> for query: "MATCH (n) WHERE n.book_id = $book_id AND (toLower(n.name) CONTAINS 'static variable' OR toLower(n.description) CONTAINS 'static variable' OR toLower(n.content) CONTAINS 'static variable' OR (toLower(n.name) CONTAINS 'static' AND toLower(n.name) CONTAINS 'access')) OPTIONAL MATCH (n)-[r:RELATED_TO|MENTIONS]-(related) WHERE related.book_id = $book_id RETURN n.name as name, labels(n) as node_type, coalesce(n.description, n.content, '') as description, n.chapter_no as chapter, n.section_no as section, n.page_start as page_start, collect(DISTINCT related.name) as related_concepts ORDER BY n.chapter_no, n.section_no, n.page_start LIMIT $limit"
Received notification from DBMS server: <GqlStatusObject gql_status='01N52', status_description='warn: property key does not exist. The property `content` does not exist. Verify that the spelling is correct.', position=<SummaryInputPosition line=1, column=425, offset=424>, raw_classification='UNRECOGNIZED', classification=<NotificationClassification.UNRECOGNIZED: 'UNRECOGNIZED'>, raw_severity='WARNING', severity=<NotificationSeverity.WARNING: 'WARNING'>, diagnostic_record={'_classification': 'UNRECOGNIZED', '_severity': 'WARNING', '_position': {'offset': 424, 'line': 1, 'column': 425}, 'OPERATION': '', 'OPERATION_CODE': '0', 'CURRENT_SCHEMA': '/'}> for query: "MATCH (n) WHERE n.book_id = $book_id AND (toLower(n.name) CONTAINS 'static variable' OR toLower(n.description) CONTAINS 'static variable' OR toLower(n.content) CONTAINS 'static variable' OR (toLower(n.name) CONTAINS 'static' AND toLower(n.name) CONTAINS 'access')) OPTIONAL MATCH (n)-[r:RELATED_TO|MENTIONS]-(related) WHERE related.book_id = $book_id RETURN n.name as name, labels(n) as node_type, coalesce(n.description, n.content, '') as description, n.chapter_no as chapter, n.section_no as section, n.page_start as page_start, collect(DISTINCT related.name) as related_concepts ORDER BY n.chapter_no, n.section_no, n.page_start LIMIT $limit"
2026-02-15 12:25:52.147 Please replace `use_container_width` with `width`.

`use_container_width` will be removed after 2025-12-31.

For `use_container_width=True`, use `width='stretch'`. For `use_container_width=False`, use `width='content'`.
2026-02-15 12:25:52.151 Please replace `use_container_width` with `width`.

`use_container_width` will be removed after 2025-12-31.

For `use_container_width=True`, use `width='stretch'`. For `use_container_width=False`, use `width='content'`.
2026-02-15 12:25:52.155 Please replace `use_container_width` with `width`.

`use_container_width` will be removed after 2025-12-31.

For `use_container_width=True`, use `width='stretch'`. For `use_container_width=False`, use `width='content'`.
Received notification from DBMS server: <GqlStatusObject gql_status='01N52', status_description='warn: property key does not exist. The property `content` does not exist. Verify that the spelling is correct.', position=<SummaryInputPosition line=1, column=272, offset=271>, raw_classification='UNRECOGNIZED', classification=<NotificationClassification.UNRECOGNIZED: 'UNRECOGNIZED'>, raw_severity='WARNING', severity=<NotificationSeverity.WARNING: 'WARNING'>, diagnostic_record={'_classification': 'UNRECOGNIZED', '_severity': 'WARNING', '_position': {'offset': 271, 'line': 1, 'column': 272}, 'OPERATION': '', 'OPERATION_CODE': '0', 'CURRENT_SCHEMA': '/'}> for query: "EXPLAIN MATCH (n) WHERE n.book_id = $book_id AND (toLower(n.name) CONTAINS 'static' AND (toLower(n.name) CONTAINS 'variable' OR toLower(n.name) CONTAINS 'access')) OR (toLower(n.description) CONTAINS 'static' AND toLower(n.description) CONTAINS 'variable') OR (toLower(n.content) CONTAINS 'static' AND toLower(n.content) CONTAINS 'variable') OPTIONAL MATCH (n)-[r:RELATED_TO|MENTIONS]-(related) WHERE related.book_id = $book_id AND (toLower(related.name) CONTAINS 'static' OR toLower(related.name) CONTAINS 'variable') RETURN n.name as name, labels(n) as labels, n.description as description, n.content as content, n.chapter_no as chapter_no, n.section_no as section_no, n.page_start as page_start, collect(DISTINCT related.name) as related_concepts ORDER BY n.chapter_no, n.section_no, n.page_start LIMIT $limit"
Received notification from DBMS server: <GqlStatusObject gql_status='01N52', status_description='warn: property key does not exist. The property `content` does not exist. Verify that the spelling is correct.', position=<SummaryInputPosition line=1, column=313, offset=312>, raw_classification='UNRECOGNIZED', classification=<NotificationClassification.UNRECOGNIZED: 'UNRECOGNIZED'>, raw_severity='WARNING', severity=<NotificationSeverity.WARNING: 'WARNING'>, diagnostic_record={'_classification': 'UNRECOGNIZED', '_severity': 'WARNING', '_position': {'offset': 312, 'line': 1, 'column': 313}, 'OPERATION': '', 'OPERATION_CODE': '0', 'CURRENT_SCHEMA': '/'}> for query: "EXPLAIN MATCH (n) WHERE n.book_id = $book_id AND (toLower(n.name) CONTAINS 'static' AND (toLower(n.name) CONTAINS 'variable' OR toLower(n.name) CONTAINS 'access')) OR (toLower(n.description) CONTAINS 'static' AND toLower(n.description) CONTAINS 'variable') OR (toLower(n.content) CONTAINS 'static' AND toLower(n.content) CONTAINS 'variable') OPTIONAL MATCH (n)-[r:RELATED_TO|MENTIONS]-(related) WHERE related.book_id = $book_id AND (toLower(related.name) CONTAINS 'static' OR toLower(related.name) CONTAINS 'variable') RETURN n.name as name, labels(n) as labels, n.description as description, n.content as content, n.chapter_no as chapter_no, n.section_no as section_no, n.page_start as page_start, collect(DISTINCT related.name) as related_concepts ORDER BY n.chapter_no, n.section_no, n.page_start LIMIT $limit"
Received notification from DBMS server: <GqlStatusObject gql_status='01N52', status_description='warn: property key does not exist. The property `content` does not exist. Verify that the spelling is correct.', position=<SummaryInputPosition line=1, column=596, offset=595>, raw_classification='UNRECOGNIZED', classification=<NotificationClassification.UNRECOGNIZED: 'UNRECOGNIZED'>, raw_severity='WARNING', severity=<NotificationSeverity.WARNING: 'WARNING'>, diagnostic_record={'_classification': 'UNRECOGNIZED', '_severity': 'WARNING', '_position': {'offset': 595, 'line': 1, 'column': 596}, 'OPERATION': '', 'OPERATION_CODE': '0', 'CURRENT_SCHEMA': '/'}> for query: "EXPLAIN MATCH (n) WHERE n.book_id = $book_id AND (toLower(n.name) CONTAINS 'static' AND (toLower(n.name) CONTAINS 'variable' OR toLower(n.name) CONTAINS 'access')) OR (toLower(n.description) CONTAINS 'static' AND toLower(n.description) CONTAINS 'variable') OR (toLower(n.content) CONTAINS 'static' AND toLower(n.content) CONTAINS 'variable') OPTIONAL MATCH (n)-[r:RELATED_TO|MENTIONS]-(related) WHERE related.book_id = $book_id AND (toLower(related.name) CONTAINS 'static' OR toLower(related.name) CONTAINS 'variable') RETURN n.name as name, labels(n) as labels, n.description as description, n.content as content, n.chapter_no as chapter_no, n.section_no as section_no, n.page_start as page_start, collect(DISTINCT related.name) as related_concepts ORDER BY n.chapter_no, n.section_no, n.page_start LIMIT $limit"
Received notification from DBMS server: <GqlStatusObject gql_status='01N52', status_description='warn: property key does not exist. The property `content` does not exist. Verify that the spelling is correct.', position=<SummaryInputPosition line=1, column=264, offset=263>, raw_classification='UNRECOGNIZED', classification=<NotificationClassification.UNRECOGNIZED: 'UNRECOGNIZED'>, raw_severity='WARNING', severity=<NotificationSeverity.WARNING: 'WARNING'>, diagnostic_record={'_classification': 'UNRECOGNIZED', '_severity': 'WARNING', '_position': {'offset': 263, 'line': 1, 'column': 264}, 'OPERATION': '', 'OPERATION_CODE': '0', 'CURRENT_SCHEMA': '/'}> for query: "MATCH (n) WHERE n.book_id = $book_id AND (toLower(n.name) CONTAINS 'static' AND (toLower(n.name) CONTAINS 'variable' OR toLower(n.name) CONTAINS 'access')) OR (toLower(n.description) CONTAINS 'static' AND toLower(n.description) CONTAINS 'variable') OR (toLower(n.content) CONTAINS 'static' AND toLower(n.content) CONTAINS 'variable') OPTIONAL MATCH (n)-[r:RELATED_TO|MENTIONS]-(related) WHERE related.book_id = $book_id AND (toLower(related.name) CONTAINS 'static' OR toLower(related.name) CONTAINS 'variable') RETURN n.name as name, labels(n) as labels, n.description as description, n.content as content, n.chapter_no as chapter_no, n.section_no as section_no, n.page_start as page_start, collect(DISTINCT related.name) as related_concepts ORDER BY n.chapter_no, n.section_no, n.page_start LIMIT $limit"
Received notification from DBMS server: <GqlStatusObject gql_status='01N52', status_description='warn: property key does not exist. The property `content` does not exist. Verify that the spelling is correct.', position=<SummaryInputPosition line=1, column=305, offset=304>, raw_classification='UNRECOGNIZED', classification=<NotificationClassification.UNRECOGNIZED: 'UNRECOGNIZED'>, raw_severity='WARNING', severity=<NotificationSeverity.WARNING: 'WARNING'>, diagnostic_record={'_classification': 'UNRECOGNIZED', '_severity': 'WARNING', '_position': {'offset': 304, 'line': 1, 'column': 305}, 'OPERATION': '', 'OPERATION_CODE': '0', 'CURRENT_SCHEMA': '/'}> for query: "MATCH (n) WHERE n.book_id = $book_id AND (toLower(n.name) CONTAINS 'static' AND (toLower(n.name) CONTAINS 'variable' OR toLower(n.name) CONTAINS 'access')) OR (toLower(n.description) CONTAINS 'static' AND toLower(n.description) CONTAINS 'variable') OR (toLower(n.content) CONTAINS 'static' AND toLower(n.content) CONTAINS 'variable') OPTIONAL MATCH (n)-[r:RELATED_TO|MENTIONS]-(related) WHERE related.book_id = $book_id AND (toLower(related.name) CONTAINS 'static' OR toLower(related.name) CONTAINS 'variable') RETURN n.name as name, labels(n) as labels, n.description as description, n.content as content, n.chapter_no as chapter_no, n.section_no as section_no, n.page_start as page_start, collect(DISTINCT related.name) as related_concepts ORDER BY n.chapter_no, n.section_no, n.page_start LIMIT $limit"
Received notification from DBMS server: <GqlStatusObject gql_status='01N52', status_description='warn: property key does not exist. The property `content` does not exist. Verify that the spelling is correct.', position=<SummaryInputPosition line=1, column=588, offset=587>, raw_classification='UNRECOGNIZED', classification=<NotificationClassification.UNRECOGNIZED: 'UNRECOGNIZED'>, raw_severity='WARNING', severity=<NotificationSeverity.WARNING: 'WARNING'>, diagnostic_record={'_classification': 'UNRECOGNIZED', '_severity': 'WARNING', '_position': {'offset': 587, 'line': 1, 'column': 588}, 'OPERATION': '', 'OPERATION_CODE': '0', 'CURRENT_SCHEMA': '/'}> for query: "MATCH (n) WHERE n.book_id = $book_id AND (toLower(n.name) CONTAINS 'static' AND (toLower(n.name) CONTAINS 'variable' OR toLower(n.name) CONTAINS 'access')) OR (toLower(n.description) CONTAINS 'static' AND toLower(n.description) CONTAINS 'variable') OR (toLower(n.content) CONTAINS 'static' AND toLower(n.content) CONTAINS 'variable') OPTIONAL MATCH (n)-[r:RELATED_TO|MENTIONS]-(related) WHERE related.book_id = $book_id AND (toLower(related.name) CONTAINS 'static' OR toLower(related.name) CONTAINS 'variable') RETURN n.name as name, labels(n) as labels, n.description as description, n.content as content, n.chapter_no as chapter_no, n.section_no as section_no, n.page_start as page_start, collect(DISTINCT related.name) as related_concepts ORDER BY n.chapter_no, n.section_no, n.page_start LIMIT $limit"
2026-02-15 12:26:26.054 Please replace `use_container_width` with `width`.

`use_container_width` will be removed after 2025-12-31.

For `use_container_width=True`, use `width='stretch'`. For `use_container_width=False`, use `width='content'`.
2026-02-15 12:26:26.057 Please replace `use_container_width` with `width`.

`use_container_width` will be removed after 2025-12-31.

For `use_container_width=True`, use `width='stretch'`. For `use_container_width=False`, use `width='content'`.
2026-02-15 12:26:26.061 Please replace `use_container_width` with `width`.

`use_container_width` will be removed after 2025-12-31.

For `use_container_width=True`, use `width='stretch'`. For `use_container_width=False`, use `width='content'`.
2026-02-15 12:40:49.374 Please replace `use_container_width` with `width`.

`use_container_width` will be removed after 2025-12-31.

For `use_container_width=True`, use `width='stretch'`. For `use_container_width=False`, use `width='content'`.
2026-02-15 12:41:02.265 Please replace `use_container_width` with `width`.

`use_container_width` will be removed after 2025-12-31.

For `use_container_width=True`, use `width='stretch'`. For `use_container_width=False`, use `width='content'`.
2026-02-15 13:00:02.983 Please replace `use_container_width` with `width`.

`use_container_width` will be removed after 2025-12-31.

For `use_container_width=True`, use `width='stretch'`. For `use_container_width=False`, use `width='content'`.
2026-02-15 13:00:02.987 Please replace `use_container_width` with `width`.

`use_container_width` will be removed after 2025-12-31.

For `use_container_width=True`, use `width='stretch'`. For `use_container_width=False`, use `width='content'`.
2026-02-15 13:00:02.990 Please replace `use_container_width` with `width`.

`use_container_width` will be removed after 2025-12-31.

For `use_container_width=True`, use `width='stretch'`. For `use_container_width=False`, use `width='content'`.
2026-02-15 13:00:14.815 Please replace `use_container_width` with `width`.

`use_container_width` will be removed after 2025-12-31.

For `use_container_width=True`, use `width='stretch'`. For `use_container_width=False`, use `width='content'`.
2026-02-15 13:00:14.819 Please replace `use_container_width` with `width`.

`use_container_width` will be removed after 2025-12-31.

For `use_container_width=True`, use `width='stretch'`. For `use_container_width=False`, use `width='content'`.
2026-02-15 13:00:14.822 Please replace `use_container_width` with `width`.

`use_container_width` will be removed after 2025-12-31.

For `use_container_width=True`, use `width='stretch'`. For `use_container_width=False`, use `width='content'`.
2026-02-15 13:00:26.242 Please replace `use_container_width` with `width`.

`use_container_width` will be removed after 2025-12-31.

For `use_container_width=True`, use `width='stretch'`. For `use_container_width=False`, use `width='content'`.
2026-02-15 13:00:26.245 Please replace `use_container_width` with `width`.

`use_container_width` will be removed after 2025-12-31.

For `use_container_width=True`, use `width='stretch'`. For `use_container_width=False`, use `width='content'`.
2026-02-15 13:00:26.248 Please replace `use_container_width` with `width`.

`use_container_width` will be removed after 2025-12-31.

For `use_container_width=True`, use `width='stretch'`. For `use_container_width=False`, use `width='content'`.
2026-02-15 13:00:26.524 Please replace `use_container_width` with `width`.

`use_container_width` will be removed after 2025-12-31.

For `use_container_width=True`, use `width='stretch'`. For `use_container_width=False`, use `width='content'`.
2026-02-15 13:00:26.527 Please replace `use_container_width` with `width`.

`use_container_width` will be removed after 2025-12-31.

For `use_container_width=True`, use `width='stretch'`. For `use_container_width=False`, use `width='content'`.
2026-02-15 13:00:26.530 Please replace `use_container_width` with `width`.

`use_container_width` will be removed after 2025-12-31.

For `use_container_width=True`, use `width='stretch'`. For `use_container_width=False`, use `width='content'`.
2026-02-15 13:00:28.410 Please replace `use_container_width` with `width`.

`use_container_width` will be removed after 2025-12-31.

For `use_container_width=True`, use `width='stretch'`. For `use_container_width=False`, use `width='content'`.
2026-02-15 13:00:28.414 Please replace `use_container_width` with `width`.

`use_container_width` will be removed after 2025-12-31.

For `use_container_width=True`, use `width='stretch'`. For `use_container_width=False`, use `width='content'`.
2026-02-15 13:00:28.419 Please replace `use_container_width` with `width`.

`use_container_width` will be removed after 2025-12-31.

For `use_container_width=True`, use `width='stretch'`. For `use_container_width=False`, use `width='content'`.
2026-02-15 13:00:29.258 Please replace `use_container_width` with `width`.

`use_container_width` will be removed after 2025-12-31.

For `use_container_width=True`, use `width='stretch'`. For `use_container_width=False`, use `width='content'`.
2026-02-15 13:00:29.261 Please replace `use_container_width` with `width`.

`use_container_width` will be removed after 2025-12-31.

For `use_container_width=True`, use `width='stretch'`. For `use_container_width=False`, use `width='content'`.
2026-02-15 13:00:29.264 Please replace `use_container_width` with `width`.

`use_container_width` will be removed after 2025-12-31.

For `use_container_width=True`, use `width='stretch'`. For `use_container_width=False`, use `width='content'`.
2026-02-15 13:00:54.432 Please replace `use_container_width` with `width`.

`use_container_width` will be removed after 2025-12-31.

For `use_container_width=True`, use `width='stretch'`. For `use_container_width=False`, use `width='content'`.
2026-02-15 13:00:54.520 Please replace `use_container_width` with `width`.

`use_container_width` will be removed after 2025-12-31.

For `use_container_width=True`, use `width='stretch'`. For `use_container_width=False`, use `width='content'`.
2026-02-15 13:00:54.534 Please replace `use_container_width` with `width`.

`use_container_width` will be removed after 2025-12-31.

For `use_container_width=True`, use `width='stretch'`. For `use_container_width=False`, use `width='content'`.
2026-02-15 13:00:58.421 Please replace `use_container_width` with `width`.

`use_container_width` will be removed after 2025-12-31.

For `use_container_width=True`, use `width='stretch'`. For `use_container_width=False`, use `width='content'`.
2026-02-15 13:01:02.703 Please replace `use_container_width` with `width`.

`use_container_width` will be removed after 2025-12-31.

For `use_container_width=True`, use `width='stretch'`. For `use_container_width=False`, use `width='content'`.
2026-02-15 13:01:02.707 Please replace `use_container_width` with `width`.

`use_container_width` will be removed after 2025-12-31.

For `use_container_width=True`, use `width='stretch'`. For `use_container_width=False`, use `width='content'`.
2026-02-15 13:01:02.709 Please replace `use_container_width` with `width`.

`use_container_width` will be removed after 2025-12-31.

For `use_container_width=True`, use `width='stretch'`. For `use_container_width=False`, use `width='content'`.
2026-02-15 13:04:12.158 Please replace `use_container_width` with `width`.

`use_container_width` will be removed after 2025-12-31.

For `use_container_width=True`, use `width='stretch'`. For `use_container_width=False`, use `width='content'`.
2026-02-15 13:04:12.162 Please replace `use_container_width` with `width`.

`use_container_width` will be removed after 2025-12-31.

For `use_container_width=True`, use `width='stretch'`. For `use_container_width=False`, use `width='content'`.
2026-02-15 13:04:12.165 Please replace `use_container_width` with `width`.

`use_container_width` will be removed after 2025-12-31.

For `use_container_width=True`, use `width='stretch'`. For `use_container_width=False`, use `width='content'`.
2026-02-15 13:08:36.793 Thread 'ThreadPoolExecutor-7_0': missing ScriptRunContext! This warning can be ignored when running in bare mode.
2026-02-15 13:08:36.793 Thread 'ThreadPoolExecutor-7_0': missing ScriptRunContext! This warning can be ignored when running in bare mode.
2026-02-15 13:08:36.794 Thread 'ThreadPoolExecutor-7_0': missing ScriptRunContext! This warning can be ignored when running in bare mode.
2026-02-15 13:14:10.939 Thread 'ThreadPoolExecutor-11_0': missing ScriptRunContext! This warning can be ignored when running in bare mode.
2026-02-15 13:14:10.939 Thread 'ThreadPoolExecutor-11_0': missing ScriptRunContext! This warning can be ignored when running in bare mode.
2026-02-15 13:14:10.939 Thread 'ThreadPoolExecutor-11_0': missing ScriptRunContext! This warning can be ignored when running in bare mode.
2026-02-15 13:14:37.819 Thread 'ThreadPoolExecutor-14_0': missing ScriptRunContext! This warning can be ignored when running in bare mode.
2026-02-15 13:14:37.819 Thread 'ThreadPoolExecutor-14_0': missing ScriptRunContext! This warning can be ignored when running in bare mode.
2026-02-15 13:14:37.819 Thread 'ThreadPoolExecutor-14_0': missing ScriptRunContext! This warning can be ignored when running in bare mode.
2026-02-15 13:20:41.790 Thread 'ThreadPoolExecutor-19_0': missing ScriptRunContext! This warning can be ignored when running in bare mode.
2026-02-15 13:20:41.792 Thread 'ThreadPoolExecutor-19_0': missing ScriptRunContext! This warning can be ignored when running in bare mode.
2026-02-15 13:20:41.792 Thread 'ThreadPoolExecutor-19_0': missing ScriptRunContext! This warning can be ignored when running in bare mode.
2026-02-15 13:20:55.405 Thread 'ThreadPoolExecutor-22_0': missing ScriptRunContext! This warning can be ignored when running in bare mode.
2026-02-15 13:20:55.405 Thread 'ThreadPoolExecutor-22_0': missing ScriptRunContext! This warning can be ignored when running in bare mode.
2026-02-15 13:20:55.405 Thread 'ThreadPoolExecutor-22_0': missing ScriptRunContext! This warning can be ignored when running in bare mode.
2026-02-15 13:21:56.305 Please replace `use_container_width` with `width`.

`use_container_width` will be removed after 2025-12-31.

For `use_container_width=True`, use `width='stretch'`. For `use_container_width=False`, use `width='content'`.
2026-02-15 13:22:08.812 Please replace `use_container_width` with `width`.

`use_container_width` will be removed after 2025-12-31.

For `use_container_width=True`, use `width='stretch'`. For `use_container_width=False`, use `width='content'`.
2026-02-15 13:22:15.617 Please replace `use_container_width` with `width`.

`use_container_width` will be removed after 2025-12-31.

For `use_container_width=True`, use `width='stretch'`. For `use_container_width=False`, use `width='content'`.
2026-02-15 13:22:32.789 Please replace `use_container_width` with `width`.

`use_container_width` will be removed after 2025-12-31.

For `use_container_width=True`, use `width='stretch'`. For `use_container_width=False`, use `width='content'`.
2026-02-15 13:22:56.600 Please replace `use_container_width` with `width`.

`use_container_width` will be removed after 2025-12-31.

For `use_container_width=True`, use `width='stretch'`. For `use_container_width=False`, use `width='content'`.
2026-02-15 13:22:58.117 Please replace `use_container_width` with `width`.

`use_container_width` will be removed after 2025-12-31.

For `use_container_width=True`, use `width='stretch'`. For `use_container_width=False`, use `width='content'`.
2026-02-15 13:22:59.432 Please replace `use_container_width` with `width`.

`use_container_width` will be removed after 2025-12-31.

For `use_container_width=True`, use `width='stretch'`. For `use_container_width=False`, use `width='content'`.
2026-02-15 13:23:15.650 Please replace `use_container_width` with `width`.

`use_container_width` will be removed after 2025-12-31.

For `use_container_width=True`, use `width='stretch'`. For `use_container_width=False`, use `width='content'`.
2026-02-15 13:23:20.996 Please replace `use_container_width` with `width`.

`use_container_width` will be removed after 2025-12-31.

For `use_container_width=True`, use `width='stretch'`. For `use_container_width=False`, use `width='content'`.
2026-02-15 13:23:21.252 Please replace `use_container_width` with `width`.

`use_container_width` will be removed after 2025-12-31.

For `use_container_width=True`, use `width='stretch'`. For `use_container_width=False`, use `width='content'`.
2026-02-15 13:23:26.818 Uncaught app execution
Traceback (most recent call last):
  File "/home/ubuntu/auqa-questify/myvenv/lib/python3.12/site-packages/streamlit/runtime/scriptrunner/exec_code.py", line 128, in exec_func_with_error_handling
    result = func()
             ^^^^^^
  File "/home/ubuntu/auqa-questify/myvenv/lib/python3.12/site-packages/streamlit/runtime/scriptrunner/script_runner.py", line 667, in code_to_exec
    _mpa_v1(self._main_script_path)
  File "/home/ubuntu/auqa-questify/myvenv/lib/python3.12/site-packages/streamlit/runtime/scriptrunner/script_runner.py", line 165, in _mpa_v1
    page.run()
  File "/home/ubuntu/auqa-questify/myvenv/lib/python3.12/site-packages/streamlit/navigation/page.py", line 300, in run
    exec(code, module.__dict__)  # noqa: S102
    ^^^^^^^^^^^^^^^^^^^^^^^^^^^
  File "/home/ubuntu/auqa-questify/pages/3_QuestionPaper.py", line 1396, in <module>
    retrieval_result = retrieve_for_unit(
                       ^^^^^^^^^^^^^^^^^^
  File "/home/ubuntu/auqa-questify/pages/3_QuestionPaper.py", line 1297, in retrieve_for_unit
    fallback_result = retrieve_hybrid(query, num_hits, course_id, scope)
                      ^^^^^^^^^^^^^^^^^^^^^^^^^^^^^^^^^^^^^^^^^^^^^^^^^^
  File "/home/ubuntu/auqa-questify/pages/3_QuestionPaper.py", line 1197, in retrieve_hybrid
    bm25_docs = bm25_search_docs(
                ^^^^^^^^^^^^^^^^^
  File "/home/ubuntu/auqa-questify/pages/3_QuestionPaper.py", line 809, in bm25_search_docs
    resp = client.search(index=index_override or index_name, body=bm25_q)
           ^^^^^^^^^^^^^^^^^^^^^^^^^^^^^^^^^^^^^^^^^^^^^^^^^^^^^^^^^^^^^^
  File "/home/ubuntu/auqa-questify/myvenv/lib/python3.12/site-packages/opensearchpy/client/utils.py", line 176, in _wrapped
    return func(*args, params=params, headers=headers, **kwargs)
           ^^^^^^^^^^^^^^^^^^^^^^^^^^^^^^^^^^^^^^^^^^^^^^^^^^^^^
  File "/home/ubuntu/auqa-questify/myvenv/lib/python3.12/site-packages/opensearchpy/client/__init__.py", line 2466, in search
    return self.transport.perform_request(
           ^^^^^^^^^^^^^^^^^^^^^^^^^^^^^^^
  File "/home/ubuntu/auqa-questify/myvenv/lib/python3.12/site-packages/opensearchpy/transport.py", line 457, in perform_request
    raise e
  File "/home/ubuntu/auqa-questify/myvenv/lib/python3.12/site-packages/opensearchpy/transport.py", line 418, in perform_request
    status, headers_response, data = connection.perform_request(
                                     ^^^^^^^^^^^^^^^^^^^^^^^^^^^
  File "/home/ubuntu/auqa-questify/myvenv/lib/python3.12/site-packages/opensearchpy/connection/http_requests.py", line 238, in perform_request
    self._raise_error(
  File "/home/ubuntu/auqa-questify/myvenv/lib/python3.12/site-packages/opensearchpy/connection/base.py", line 315, in _raise_error
    raise HTTP_EXCEPTIONS.get(status_code, TransportError)(
opensearchpy.exceptions.NotFoundError: NotFoundError(404, 'index_not_found_exception', 'no such index [questindex-chunks]', questindex-chunks, index_or_alias)
2026-02-15 13:23:37.822 Please replace `use_container_width` with `width`.

`use_container_width` will be removed after 2025-12-31.

For `use_container_width=True`, use `width='stretch'`. For `use_container_width=False`, use `width='content'`.
2026-02-15 13:23:37.825 Please replace `use_container_width` with `width`.

`use_container_width` will be removed after 2025-12-31.

For `use_container_width=True`, use `width='stretch'`. For `use_container_width=False`, use `width='content'`.
2026-02-15 13:23:37.828 Please replace `use_container_width` with `width`.

`use_container_width` will be removed after 2025-12-31.

For `use_container_width=True`, use `width='stretch'`. For `use_container_width=False`, use `width='content'`.
2026-02-15 13:24:27.918 Please replace `use_container_width` with `width`.

`use_container_width` will be removed after 2025-12-31.

For `use_container_width=True`, use `width='stretch'`. For `use_container_width=False`, use `width='content'`.
2026-02-15 13:24:33.889 Please replace `use_container_width` with `width`.

`use_container_width` will be removed after 2025-12-31.

For `use_container_width=True`, use `width='stretch'`. For `use_container_width=False`, use `width='content'`.
2026-02-15 13:25:46.982 Please replace `use_container_width` with `width`.

`use_container_width` will be removed after 2025-12-31.

For `use_container_width=True`, use `width='stretch'`. For `use_container_width=False`, use `width='content'`.
2026-02-15 13:27:20.074 Please replace `use_container_width` with `width`.

`use_container_width` will be removed after 2025-12-31.

For `use_container_width=True`, use `width='stretch'`. For `use_container_width=False`, use `width='content'`.
2026-02-15 13:27:20.289 Please replace `use_container_width` with `width`.

`use_container_width` will be removed after 2025-12-31.

For `use_container_width=True`, use `width='stretch'`. For `use_container_width=False`, use `width='content'`.
2026-02-15 13:27:22.599 Please replace `use_container_width` with `width`.

`use_container_width` will be removed after 2025-12-31.

For `use_container_width=True`, use `width='stretch'`. For `use_container_width=False`, use `width='content'`.
Received notification from DBMS server: <GqlStatusObject gql_status='01N51', status_description='warn: relationship type does not exist. The relationship type `HAS_SUBSECTION` does not exist. Verify that the spelling is correct.', position=<SummaryInputPosition line=6, column=34, offset=325>, raw_classification='UNRECOGNIZED', classification=<NotificationClassification.UNRECOGNIZED: 'UNRECOGNIZED'>, raw_severity='WARNING', severity=<NotificationSeverity.WARNING: 'WARNING'>, diagnostic_record={'_classification': 'UNRECOGNIZED', '_severity': 'WARNING', '_position': {'offset': 325, 'line': 6, 'column': 34}, 'OPERATION': '', 'OPERATION_CODE': '0', 'CURRENT_SCHEMA': '/'}> for query: '\n            MATCH (:Book {book_id: $book_id})-[:HAS_CHAPTER]->(c:Chapter)-[:HAS_SECTION]->(s:Section)\n            WHERE ($chapter_nos = [] OR c.chapter_no IN $chapter_nos)\n              AND ($section_nos = [] OR s.section_no IN $section_nos)\n            OPTIONAL MATCH (s)-[:MENTIONS]->(sn)\n            OPTIONAL MATCH (s)-[:HAS_SUBSECTION]->(ss:Subsection)-[:MENTIONS]->(ssn)\n            WITH c, s, collect(DISTINCT sn) + collect(DISTINCT ssn) AS nodes\n            UNWIND nodes AS n\n            WITH c, s, n\n            WHERE n IS NOT NULL\n              AND (\n                size($terms) = 0\n                OR any(t IN $terms WHERE toLower(coalesce(n.name, "")) CONTAINS t)\n                OR any(t IN $terms WHERE toLower(coalesce(n.description, "")) CONTAINS t)\n                OR any(t IN $terms WHERE toLower(coalesce(n.statement, "")) CONTAINS t)\n                OR any(t IN $terms WHERE toLower(coalesce(n.expression, "")) CONTAINS t)\n                OR any(t IN $terms WHERE toLower(coalesce(n.steps, "")) CONTAINS t)\n              )\n            RETURN labels(n)[0] AS node_label,\n                   coalesce(n.name, n.title, "") AS node_name,\n                   coalesce(n.description, n.statement, n.expression, n.steps, "") AS description,\n                   c.chapter_no AS chapter_no,\n                   s.section_no AS section_no,\n                   coalesce(n.page_start, s.page_start, c.page_start, 0) AS page_start,\n                   coalesce(n.page_end, s.page_end, c.page_end, 0) AS page_end\n            ORDER BY chapter_no, section_no, page_start\n            LIMIT $limit\n            '
Received notification from DBMS server: <GqlStatusObject gql_status='01N51', status_description='warn: relationship type does not exist. The relationship type `HAS_SUBSECTION` does not exist. Verify that the spelling is correct.', position=<SummaryInputPosition line=6, column=34, offset=325>, raw_classification='UNRECOGNIZED', classification=<NotificationClassification.UNRECOGNIZED: 'UNRECOGNIZED'>, raw_severity='WARNING', severity=<NotificationSeverity.WARNING: 'WARNING'>, diagnostic_record={'_classification': 'UNRECOGNIZED', '_severity': 'WARNING', '_position': {'offset': 325, 'line': 6, 'column': 34}, 'OPERATION': '', 'OPERATION_CODE': '0', 'CURRENT_SCHEMA': '/'}> for query: '\n            MATCH (:Book {book_id: $book_id})-[:HAS_CHAPTER]->(c:Chapter)-[:HAS_SECTION]->(s:Section)\n            WHERE ($chapter_nos = [] OR c.chapter_no IN $chapter_nos)\n              AND ($section_nos = [] OR s.section_no IN $section_nos)\n            OPTIONAL MATCH (s)-[:MENTIONS]->(sn)\n            OPTIONAL MATCH (s)-[:HAS_SUBSECTION]->(ss:Subsection)-[:MENTIONS]->(ssn)\n            WITH c, s, collect(DISTINCT sn) + collect(DISTINCT ssn) AS nodes\n            UNWIND nodes AS n\n            WITH c, s, n\n            WHERE n IS NOT NULL\n              AND (\n                size($terms) = 0\n                OR any(t IN $terms WHERE toLower(coalesce(n.name, "")) CONTAINS t)\n                OR any(t IN $terms WHERE toLower(coalesce(n.description, "")) CONTAINS t)\n                OR any(t IN $terms WHERE toLower(coalesce(n.statement, "")) CONTAINS t)\n                OR any(t IN $terms WHERE toLower(coalesce(n.expression, "")) CONTAINS t)\n                OR any(t IN $terms WHERE toLower(coalesce(n.steps, "")) CONTAINS t)\n              )\n            RETURN labels(n)[0] AS node_label,\n                   coalesce(n.name, n.title, "") AS node_name,\n                   coalesce(n.description, n.statement, n.expression, n.steps, "") AS description,\n                   c.chapter_no AS chapter_no,\n                   s.section_no AS section_no,\n                   coalesce(n.page_start, s.page_start, c.page_start, 0) AS page_start,\n                   coalesce(n.page_end, s.page_end, c.page_end, 0) AS page_end\n            ORDER BY chapter_no, section_no, page_start\n            LIMIT $limit\n            '
Received notification from DBMS server: <GqlStatusObject gql_status='01N51', status_description='warn: relationship type does not exist. The relationship type `HAS_SUBSECTION` does not exist. Verify that the spelling is correct.', position=<SummaryInputPosition line=6, column=34, offset=325>, raw_classification='UNRECOGNIZED', classification=<NotificationClassification.UNRECOGNIZED: 'UNRECOGNIZED'>, raw_severity='WARNING', severity=<NotificationSeverity.WARNING: 'WARNING'>, diagnostic_record={'_classification': 'UNRECOGNIZED', '_severity': 'WARNING', '_position': {'offset': 325, 'line': 6, 'column': 34}, 'OPERATION': '', 'OPERATION_CODE': '0', 'CURRENT_SCHEMA': '/'}> for query: '\n            MATCH (:Book {book_id: $book_id})-[:HAS_CHAPTER]->(c:Chapter)-[:HAS_SECTION]->(s:Section)\n            WHERE ($chapter_nos = [] OR c.chapter_no IN $chapter_nos)\n              AND ($section_nos = [] OR s.section_no IN $section_nos)\n            OPTIONAL MATCH (s)-[:MENTIONS]->(sn)\n            OPTIONAL MATCH (s)-[:HAS_SUBSECTION]->(ss:Subsection)-[:MENTIONS]->(ssn)\n            WITH c, s, collect(DISTINCT sn) + collect(DISTINCT ssn) AS nodes\n            UNWIND nodes AS n\n            WITH c, s, n\n            WHERE n IS NOT NULL\n              AND (\n                size($terms) = 0\n                OR any(t IN $terms WHERE toLower(coalesce(n.name, "")) CONTAINS t)\n                OR any(t IN $terms WHERE toLower(coalesce(n.description, "")) CONTAINS t)\n                OR any(t IN $terms WHERE toLower(coalesce(n.statement, "")) CONTAINS t)\n                OR any(t IN $terms WHERE toLower(coalesce(n.expression, "")) CONTAINS t)\n                OR any(t IN $terms WHERE toLower(coalesce(n.steps, "")) CONTAINS t)\n              )\n            RETURN labels(n)[0] AS node_label,\n                   coalesce(n.name, n.title, "") AS node_name,\n                   coalesce(n.description, n.statement, n.expression, n.steps, "") AS description,\n                   c.chapter_no AS chapter_no,\n                   s.section_no AS section_no,\n                   coalesce(n.page_start, s.page_start, c.page_start, 0) AS page_start,\n                   coalesce(n.page_end, s.page_end, c.page_end, 0) AS page_end\n            ORDER BY chapter_no, section_no, page_start\n            LIMIT $limit\n            '
Received notification from DBMS server: <GqlStatusObject gql_status='01N51', status_description='warn: relationship type does not exist. The relationship type `HAS_SUBSECTION` does not exist. Verify that the spelling is correct.', position=<SummaryInputPosition line=6, column=34, offset=325>, raw_classification='UNRECOGNIZED', classification=<NotificationClassification.UNRECOGNIZED: 'UNRECOGNIZED'>, raw_severity='WARNING', severity=<NotificationSeverity.WARNING: 'WARNING'>, diagnostic_record={'_classification': 'UNRECOGNIZED', '_severity': 'WARNING', '_position': {'offset': 325, 'line': 6, 'column': 34}, 'OPERATION': '', 'OPERATION_CODE': '0', 'CURRENT_SCHEMA': '/'}> for query: '\n            MATCH (:Book {book_id: $book_id})-[:HAS_CHAPTER]->(c:Chapter)-[:HAS_SECTION]->(s:Section)\n            WHERE ($chapter_nos = [] OR c.chapter_no IN $chapter_nos)\n              AND ($section_nos = [] OR s.section_no IN $section_nos)\n            OPTIONAL MATCH (s)-[:MENTIONS]->(sn)\n            OPTIONAL MATCH (s)-[:HAS_SUBSECTION]->(ss:Subsection)-[:MENTIONS]->(ssn)\n            WITH c, s, collect(DISTINCT sn) + collect(DISTINCT ssn) AS nodes\n            UNWIND nodes AS n\n            WITH c, s, n\n            WHERE n IS NOT NULL\n              AND (\n                size($terms) = 0\n                OR any(t IN $terms WHERE toLower(coalesce(n.name, "")) CONTAINS t)\n                OR any(t IN $terms WHERE toLower(coalesce(n.description, "")) CONTAINS t)\n                OR any(t IN $terms WHERE toLower(coalesce(n.statement, "")) CONTAINS t)\n                OR any(t IN $terms WHERE toLower(coalesce(n.expression, "")) CONTAINS t)\n                OR any(t IN $terms WHERE toLower(coalesce(n.steps, "")) CONTAINS t)\n              )\n            RETURN labels(n)[0] AS node_label,\n                   coalesce(n.name, n.title, "") AS node_name,\n                   coalesce(n.description, n.statement, n.expression, n.steps, "") AS description,\n                   c.chapter_no AS chapter_no,\n                   s.section_no AS section_no,\n                   coalesce(n.page_start, s.page_start, c.page_start, 0) AS page_start,\n                   coalesce(n.page_end, s.page_end, c.page_end, 0) AS page_end\n            ORDER BY chapter_no, section_no, page_start\n            LIMIT $limit\n            '
Received notification from DBMS server: <GqlStatusObject gql_status='01N51', status_description='warn: relationship type does not exist. The relationship type `HAS_SUBSECTION` does not exist. Verify that the spelling is correct.', position=<SummaryInputPosition line=6, column=34, offset=325>, raw_classification='UNRECOGNIZED', classification=<NotificationClassification.UNRECOGNIZED: 'UNRECOGNIZED'>, raw_severity='WARNING', severity=<NotificationSeverity.WARNING: 'WARNING'>, diagnostic_record={'_classification': 'UNRECOGNIZED', '_severity': 'WARNING', '_position': {'offset': 325, 'line': 6, 'column': 34}, 'OPERATION': '', 'OPERATION_CODE': '0', 'CURRENT_SCHEMA': '/'}> for query: '\n            MATCH (:Book {book_id: $book_id})-[:HAS_CHAPTER]->(c:Chapter)-[:HAS_SECTION]->(s:Section)\n            WHERE ($chapter_nos = [] OR c.chapter_no IN $chapter_nos)\n              AND ($section_nos = [] OR s.section_no IN $section_nos)\n            OPTIONAL MATCH (s)-[:MENTIONS]->(sn)\n            OPTIONAL MATCH (s)-[:HAS_SUBSECTION]->(ss:Subsection)-[:MENTIONS]->(ssn)\n            WITH c, s, collect(DISTINCT sn) + collect(DISTINCT ssn) AS nodes\n            UNWIND nodes AS n\n            WITH c, s, n\n            WHERE n IS NOT NULL\n              AND (\n                size($terms) = 0\n                OR any(t IN $terms WHERE toLower(coalesce(n.name, "")) CONTAINS t)\n                OR any(t IN $terms WHERE toLower(coalesce(n.description, "")) CONTAINS t)\n                OR any(t IN $terms WHERE toLower(coalesce(n.statement, "")) CONTAINS t)\n                OR any(t IN $terms WHERE toLower(coalesce(n.expression, "")) CONTAINS t)\n                OR any(t IN $terms WHERE toLower(coalesce(n.steps, "")) CONTAINS t)\n              )\n            RETURN labels(n)[0] AS node_label,\n                   coalesce(n.name, n.title, "") AS node_name,\n                   coalesce(n.description, n.statement, n.expression, n.steps, "") AS description,\n                   c.chapter_no AS chapter_no,\n                   s.section_no AS section_no,\n                   coalesce(n.page_start, s.page_start, c.page_start, 0) AS page_start,\n                   coalesce(n.page_end, s.page_end, c.page_end, 0) AS page_end\n            ORDER BY chapter_no, section_no, page_start\n            LIMIT $limit\n            '
2026-02-15 13:28:34.894 Please replace `use_container_width` with `width`.

`use_container_width` will be removed after 2025-12-31.

For `use_container_width=True`, use `width='stretch'`. For `use_container_width=False`, use `width='content'`.
2026-02-15 13:29:17.632 Please replace `use_container_width` with `width`.

`use_container_width` will be removed after 2025-12-31.

For `use_container_width=True`, use `width='stretch'`. For `use_container_width=False`, use `width='content'`.
2026-02-15 13:29:17.851 Please replace `use_container_width` with `width`.

`use_container_width` will be removed after 2025-12-31.

For `use_container_width=True`, use `width='stretch'`. For `use_container_width=False`, use `width='content'`.
2026-02-15 13:31:33.266 Please replace `use_container_width` with `width`.

`use_container_width` will be removed after 2025-12-31.

For `use_container_width=True`, use `width='stretch'`. For `use_container_width=False`, use `width='content'`.
2026-02-15 13:31:33.293 Please replace `use_container_width` with `width`.

`use_container_width` will be removed after 2025-12-31.

For `use_container_width=True`, use `width='stretch'`. For `use_container_width=False`, use `width='content'`.
2026-02-15 13:31:39.802 Please replace `use_container_width` with `width`.

`use_container_width` will be removed after 2025-12-31.

For `use_container_width=True`, use `width='stretch'`. For `use_container_width=False`, use `width='content'`.
2026-02-15 13:31:39.832 Please replace `use_container_width` with `width`.

`use_container_width` will be removed after 2025-12-31.

For `use_container_width=True`, use `width='stretch'`. For `use_container_width=False`, use `width='content'`.
2026-02-15 13:31:48.059 Please replace `use_container_width` with `width`.

`use_container_width` will be removed after 2025-12-31.

For `use_container_width=True`, use `width='stretch'`. For `use_container_width=False`, use `width='content'`.
2026-02-15 13:31:48.107 Please replace `use_container_width` with `width`.

`use_container_width` will be removed after 2025-12-31.

For `use_container_width=True`, use `width='stretch'`. For `use_container_width=False`, use `width='content'`.
2026-02-15 13:31:53.551 Please replace `use_container_width` with `width`.

`use_container_width` will be removed after 2025-12-31.

For `use_container_width=True`, use `width='stretch'`. For `use_container_width=False`, use `width='content'`.
2026-02-15 13:31:53.582 Please replace `use_container_width` with `width`.

`use_container_width` will be removed after 2025-12-31.

For `use_container_width=True`, use `width='stretch'`. For `use_container_width=False`, use `width='content'`.
2026-02-15 13:31:55.755 Please replace `use_container_width` with `width`.

`use_container_width` will be removed after 2025-12-31.

For `use_container_width=True`, use `width='stretch'`. For `use_container_width=False`, use `width='content'`.
Received notification from DBMS server: <GqlStatusObject gql_status='01N51', status_description='warn: relationship type does not exist. The relationship type `HAS_SUBSECTION` does not exist. Verify that the spelling is correct.', position=<SummaryInputPosition line=6, column=34, offset=325>, raw_classification='UNRECOGNIZED', classification=<NotificationClassification.UNRECOGNIZED: 'UNRECOGNIZED'>, raw_severity='WARNING', severity=<NotificationSeverity.WARNING: 'WARNING'>, diagnostic_record={'_classification': 'UNRECOGNIZED', '_severity': 'WARNING', '_position': {'offset': 325, 'line': 6, 'column': 34}, 'OPERATION': '', 'OPERATION_CODE': '0', 'CURRENT_SCHEMA': '/'}> for query: '\n            MATCH (:Book {book_id: $book_id})-[:HAS_CHAPTER]->(c:Chapter)-[:HAS_SECTION]->(s:Section)\n            WHERE ($chapter_nos = [] OR c.chapter_no IN $chapter_nos)\n              AND ($section_nos = [] OR s.section_no IN $section_nos)\n            OPTIONAL MATCH (s)-[:MENTIONS]->(sn)\n            OPTIONAL MATCH (s)-[:HAS_SUBSECTION]->(ss:Subsection)-[:MENTIONS]->(ssn)\n            WITH c, s, collect(DISTINCT sn) + collect(DISTINCT ssn) AS nodes\n            UNWIND nodes AS n\n            WITH c, s, n\n            WHERE n IS NOT NULL\n              AND (\n                size($terms) = 0\n                OR any(t IN $terms WHERE toLower(coalesce(n.name, "")) CONTAINS t)\n                OR any(t IN $terms WHERE toLower(coalesce(n.description, "")) CONTAINS t)\n                OR any(t IN $terms WHERE toLower(coalesce(n.statement, "")) CONTAINS t)\n                OR any(t IN $terms WHERE toLower(coalesce(n.expression, "")) CONTAINS t)\n                OR any(t IN $terms WHERE toLower(coalesce(n.steps, "")) CONTAINS t)\n              )\n            RETURN labels(n)[0] AS node_label,\n                   coalesce(n.name, n.title, "") AS node_name,\n                   coalesce(n.description, n.statement, n.expression, n.steps, "") AS description,\n                   c.chapter_no AS chapter_no,\n                   s.section_no AS section_no,\n                   coalesce(n.page_start, s.page_start, c.page_start, 0) AS page_start,\n                   coalesce(n.page_end, s.page_end, c.page_end, 0) AS page_end\n            ORDER BY chapter_no, section_no, page_start\n            LIMIT $limit\n            '
Received notification from DBMS server: <GqlStatusObject gql_status='01N51', status_description='warn: relationship type does not exist. The relationship type `HAS_SUBSECTION` does not exist. Verify that the spelling is correct.', position=<SummaryInputPosition line=6, column=34, offset=325>, raw_classification='UNRECOGNIZED', classification=<NotificationClassification.UNRECOGNIZED: 'UNRECOGNIZED'>, raw_severity='WARNING', severity=<NotificationSeverity.WARNING: 'WARNING'>, diagnostic_record={'_classification': 'UNRECOGNIZED', '_severity': 'WARNING', '_position': {'offset': 325, 'line': 6, 'column': 34}, 'OPERATION': '', 'OPERATION_CODE': '0', 'CURRENT_SCHEMA': '/'}> for query: '\n            MATCH (:Book {book_id: $book_id})-[:HAS_CHAPTER]->(c:Chapter)-[:HAS_SECTION]->(s:Section)\n            WHERE ($chapter_nos = [] OR c.chapter_no IN $chapter_nos)\n              AND ($section_nos = [] OR s.section_no IN $section_nos)\n            OPTIONAL MATCH (s)-[:MENTIONS]->(sn)\n            OPTIONAL MATCH (s)-[:HAS_SUBSECTION]->(ss:Subsection)-[:MENTIONS]->(ssn)\n            WITH c, s, collect(DISTINCT sn) + collect(DISTINCT ssn) AS nodes\n            UNWIND nodes AS n\n            WITH c, s, n\n            WHERE n IS NOT NULL\n              AND (\n                size($terms) = 0\n                OR any(t IN $terms WHERE toLower(coalesce(n.name, "")) CONTAINS t)\n                OR any(t IN $terms WHERE toLower(coalesce(n.description, "")) CONTAINS t)\n                OR any(t IN $terms WHERE toLower(coalesce(n.statement, "")) CONTAINS t)\n                OR any(t IN $terms WHERE toLower(coalesce(n.expression, "")) CONTAINS t)\n                OR any(t IN $terms WHERE toLower(coalesce(n.steps, "")) CONTAINS t)\n              )\n            RETURN labels(n)[0] AS node_label,\n                   coalesce(n.name, n.title, "") AS node_name,\n                   coalesce(n.description, n.statement, n.expression, n.steps, "") AS description,\n                   c.chapter_no AS chapter_no,\n                   s.section_no AS section_no,\n                   coalesce(n.page_start, s.page_start, c.page_start, 0) AS page_start,\n                   coalesce(n.page_end, s.page_end, c.page_end, 0) AS page_end\n            ORDER BY chapter_no, section_no, page_start\n            LIMIT $limit\n            '
Received notification from DBMS server: <GqlStatusObject gql_status='01N51', status_description='warn: relationship type does not exist. The relationship type `HAS_SUBSECTION` does not exist. Verify that the spelling is correct.', position=<SummaryInputPosition line=6, column=34, offset=325>, raw_classification='UNRECOGNIZED', classification=<NotificationClassification.UNRECOGNIZED: 'UNRECOGNIZED'>, raw_severity='WARNING', severity=<NotificationSeverity.WARNING: 'WARNING'>, diagnostic_record={'_classification': 'UNRECOGNIZED', '_severity': 'WARNING', '_position': {'offset': 325, 'line': 6, 'column': 34}, 'OPERATION': '', 'OPERATION_CODE': '0', 'CURRENT_SCHEMA': '/'}> for query: '\n            MATCH (:Book {book_id: $book_id})-[:HAS_CHAPTER]->(c:Chapter)-[:HAS_SECTION]->(s:Section)\n            WHERE ($chapter_nos = [] OR c.chapter_no IN $chapter_nos)\n              AND ($section_nos = [] OR s.section_no IN $section_nos)\n            OPTIONAL MATCH (s)-[:MENTIONS]->(sn)\n            OPTIONAL MATCH (s)-[:HAS_SUBSECTION]->(ss:Subsection)-[:MENTIONS]->(ssn)\n            WITH c, s, collect(DISTINCT sn) + collect(DISTINCT ssn) AS nodes\n            UNWIND nodes AS n\n            WITH c, s, n\n            WHERE n IS NOT NULL\n              AND (\n                size($terms) = 0\n                OR any(t IN $terms WHERE toLower(coalesce(n.name, "")) CONTAINS t)\n                OR any(t IN $terms WHERE toLower(coalesce(n.description, "")) CONTAINS t)\n                OR any(t IN $terms WHERE toLower(coalesce(n.statement, "")) CONTAINS t)\n                OR any(t IN $terms WHERE toLower(coalesce(n.expression, "")) CONTAINS t)\n                OR any(t IN $terms WHERE toLower(coalesce(n.steps, "")) CONTAINS t)\n              )\n            RETURN labels(n)[0] AS node_label,\n                   coalesce(n.name, n.title, "") AS node_name,\n                   coalesce(n.description, n.statement, n.expression, n.steps, "") AS description,\n                   c.chapter_no AS chapter_no,\n                   s.section_no AS section_no,\n                   coalesce(n.page_start, s.page_start, c.page_start, 0) AS page_start,\n                   coalesce(n.page_end, s.page_end, c.page_end, 0) AS page_end\n            ORDER BY chapter_no, section_no, page_start\n            LIMIT $limit\n            '
Received notification from DBMS server: <GqlStatusObject gql_status='01N51', status_description='warn: relationship type does not exist. The relationship type `HAS_SUBSECTION` does not exist. Verify that the spelling is correct.', position=<SummaryInputPosition line=6, column=34, offset=325>, raw_classification='UNRECOGNIZED', classification=<NotificationClassification.UNRECOGNIZED: 'UNRECOGNIZED'>, raw_severity='WARNING', severity=<NotificationSeverity.WARNING: 'WARNING'>, diagnostic_record={'_classification': 'UNRECOGNIZED', '_severity': 'WARNING', '_position': {'offset': 325, 'line': 6, 'column': 34}, 'OPERATION': '', 'OPERATION_CODE': '0', 'CURRENT_SCHEMA': '/'}> for query: '\n            MATCH (:Book {book_id: $book_id})-[:HAS_CHAPTER]->(c:Chapter)-[:HAS_SECTION]->(s:Section)\n            WHERE ($chapter_nos = [] OR c.chapter_no IN $chapter_nos)\n              AND ($section_nos = [] OR s.section_no IN $section_nos)\n            OPTIONAL MATCH (s)-[:MENTIONS]->(sn)\n            OPTIONAL MATCH (s)-[:HAS_SUBSECTION]->(ss:Subsection)-[:MENTIONS]->(ssn)\n            WITH c, s, collect(DISTINCT sn) + collect(DISTINCT ssn) AS nodes\n            UNWIND nodes AS n\n            WITH c, s, n\n            WHERE n IS NOT NULL\n              AND (\n                size($terms) = 0\n                OR any(t IN $terms WHERE toLower(coalesce(n.name, "")) CONTAINS t)\n                OR any(t IN $terms WHERE toLower(coalesce(n.description, "")) CONTAINS t)\n                OR any(t IN $terms WHERE toLower(coalesce(n.statement, "")) CONTAINS t)\n                OR any(t IN $terms WHERE toLower(coalesce(n.expression, "")) CONTAINS t)\n                OR any(t IN $terms WHERE toLower(coalesce(n.steps, "")) CONTAINS t)\n              )\n            RETURN labels(n)[0] AS node_label,\n                   coalesce(n.name, n.title, "") AS node_name,\n                   coalesce(n.description, n.statement, n.expression, n.steps, "") AS description,\n                   c.chapter_no AS chapter_no,\n                   s.section_no AS section_no,\n                   coalesce(n.page_start, s.page_start, c.page_start, 0) AS page_start,\n                   coalesce(n.page_end, s.page_end, c.page_end, 0) AS page_end\n            ORDER BY chapter_no, section_no, page_start\n            LIMIT $limit\n            '
Received notification from DBMS server: <GqlStatusObject gql_status='01N51', status_description='warn: relationship type does not exist. The relationship type `HAS_SUBSECTION` does not exist. Verify that the spelling is correct.', position=<SummaryInputPosition line=6, column=34, offset=325>, raw_classification='UNRECOGNIZED', classification=<NotificationClassification.UNRECOGNIZED: 'UNRECOGNIZED'>, raw_severity='WARNING', severity=<NotificationSeverity.WARNING: 'WARNING'>, diagnostic_record={'_classification': 'UNRECOGNIZED', '_severity': 'WARNING', '_position': {'offset': 325, 'line': 6, 'column': 34}, 'OPERATION': '', 'OPERATION_CODE': '0', 'CURRENT_SCHEMA': '/'}> for query: '\n            MATCH (:Book {book_id: $book_id})-[:HAS_CHAPTER]->(c:Chapter)-[:HAS_SECTION]->(s:Section)\n            WHERE ($chapter_nos = [] OR c.chapter_no IN $chapter_nos)\n              AND ($section_nos = [] OR s.section_no IN $section_nos)\n            OPTIONAL MATCH (s)-[:MENTIONS]->(sn)\n            OPTIONAL MATCH (s)-[:HAS_SUBSECTION]->(ss:Subsection)-[:MENTIONS]->(ssn)\n            WITH c, s, collect(DISTINCT sn) + collect(DISTINCT ssn) AS nodes\n            UNWIND nodes AS n\n            WITH c, s, n\n            WHERE n IS NOT NULL\n              AND (\n                size($terms) = 0\n                OR any(t IN $terms WHERE toLower(coalesce(n.name, "")) CONTAINS t)\n                OR any(t IN $terms WHERE toLower(coalesce(n.description, "")) CONTAINS t)\n                OR any(t IN $terms WHERE toLower(coalesce(n.statement, "")) CONTAINS t)\n                OR any(t IN $terms WHERE toLower(coalesce(n.expression, "")) CONTAINS t)\n                OR any(t IN $terms WHERE toLower(coalesce(n.steps, "")) CONTAINS t)\n              )\n            RETURN labels(n)[0] AS node_label,\n                   coalesce(n.name, n.title, "") AS node_name,\n                   coalesce(n.description, n.statement, n.expression, n.steps, "") AS description,\n                   c.chapter_no AS chapter_no,\n                   s.section_no AS section_no,\n                   coalesce(n.page_start, s.page_start, c.page_start, 0) AS page_start,\n                   coalesce(n.page_end, s.page_end, c.page_end, 0) AS page_end\n            ORDER BY chapter_no, section_no, page_start\n            LIMIT $limit\n            '
2026-02-15 13:33:03.861 Please replace `use_container_width` with `width`.

`use_container_width` will be removed after 2025-12-31.

For `use_container_width=True`, use `width='stretch'`. For `use_container_width=False`, use `width='content'`.
2026-02-15 13:37:07.714 Please replace `use_container_width` with `width`.

`use_container_width` will be removed after 2025-12-31.

For `use_container_width=True`, use `width='stretch'`. For `use_container_width=False`, use `width='content'`.
2026-02-15 13:38:24.948 Please replace `use_container_width` with `width`.

`use_container_width` will be removed after 2025-12-31.

For `use_container_width=True`, use `width='stretch'`. For `use_container_width=False`, use `width='content'`.
2026-02-15 13:39:48.507 Please replace `use_container_width` with `width`.

`use_container_width` will be removed after 2025-12-31.

For `use_container_width=True`, use `width='stretch'`. For `use_container_width=False`, use `width='content'`.
2026-02-15 13:58:13.119 Please replace `use_container_width` with `width`.

`use_container_width` will be removed after 2025-12-31.

For `use_container_width=True`, use `width='stretch'`. For `use_container_width=False`, use `width='content'`.
2026-02-15 13:58:13.122 Please replace `use_container_width` with `width`.

`use_container_width` will be removed after 2025-12-31.

For `use_container_width=True`, use `width='stretch'`. For `use_container_width=False`, use `width='content'`.
2026-02-15 13:58:13.127 Please replace `use_container_width` with `width`.

`use_container_width` will be removed after 2025-12-31.

For `use_container_width=True`, use `width='stretch'`. For `use_container_width=False`, use `width='content'`.
2026-02-15 13:59:53.779 Thread 'ThreadPoolExecutor-26_0': missing ScriptRunContext! This warning can be ignored when running in bare mode.
2026-02-15 13:59:53.779 Thread 'ThreadPoolExecutor-26_0': missing ScriptRunContext! This warning can be ignored when running in bare mode.
2026-02-15 13:59:53.779 Thread 'ThreadPoolExecutor-26_0': missing ScriptRunContext! This warning can be ignored when running in bare mode.
2026-02-15 14:03:08.798 Please replace `use_container_width` with `width`.

`use_container_width` will be removed after 2025-12-31.

For `use_container_width=True`, use `width='stretch'`. For `use_container_width=False`, use `width='content'`.
2026-02-15 14:03:18.150 Please replace `use_container_width` with `width`.

`use_container_width` will be removed after 2025-12-31.

For `use_container_width=True`, use `width='stretch'`. For `use_container_width=False`, use `width='content'`.
2026-02-15 14:03:32.720 Please replace `use_container_width` with `width`.

`use_container_width` will be removed after 2025-12-31.

For `use_container_width=True`, use `width='stretch'`. For `use_container_width=False`, use `width='content'`.
2026-02-15 14:03:35.087 Please replace `use_container_width` with `width`.

`use_container_width` will be removed after 2025-12-31.

For `use_container_width=True`, use `width='stretch'`. For `use_container_width=False`, use `width='content'`.
2026-02-15 14:03:39.544 Please replace `use_container_width` with `width`.

`use_container_width` will be removed after 2025-12-31.

For `use_container_width=True`, use `width='stretch'`. For `use_container_width=False`, use `width='content'`.
2026-02-15 14:03:41.050 Please replace `use_container_width` with `width`.

`use_container_width` will be removed after 2025-12-31.

For `use_container_width=True`, use `width='stretch'`. For `use_container_width=False`, use `width='content'`.
2026-02-15 14:04:06.967 Please replace `use_container_width` with `width`.

`use_container_width` will be removed after 2025-12-31.

For `use_container_width=True`, use `width='stretch'`. For `use_container_width=False`, use `width='content'`.
2026-02-15 14:04:39.741 Please replace `use_container_width` with `width`.

`use_container_width` will be removed after 2025-12-31.

For `use_container_width=True`, use `width='stretch'`. For `use_container_width=False`, use `width='content'`.
2026-02-15 14:04:39.770 Please replace `use_container_width` with `width`.

`use_container_width` will be removed after 2025-12-31.

For `use_container_width=True`, use `width='stretch'`. For `use_container_width=False`, use `width='content'`.
2026-02-15 14:04:50.597 Please replace `use_container_width` with `width`.

`use_container_width` will be removed after 2025-12-31.

For `use_container_width=True`, use `width='stretch'`. For `use_container_width=False`, use `width='content'`.
2026-02-15 14:04:50.628 Please replace `use_container_width` with `width`.

`use_container_width` will be removed after 2025-12-31.

For `use_container_width=True`, use `width='stretch'`. For `use_container_width=False`, use `width='content'`.
2026-02-15 14:05:00.400 Please replace `use_container_width` with `width`.

`use_container_width` will be removed after 2025-12-31.

For `use_container_width=True`, use `width='stretch'`. For `use_container_width=False`, use `width='content'`.
2026-02-15 14:05:41.257 Please replace `use_container_width` with `width`.

`use_container_width` will be removed after 2025-12-31.

For `use_container_width=True`, use `width='stretch'`. For `use_container_width=False`, use `width='content'`.
2026-02-15 14:06:24.797 Please replace `use_container_width` with `width`.

`use_container_width` will be removed after 2025-12-31.

For `use_container_width=True`, use `width='stretch'`. For `use_container_width=False`, use `width='content'`.
2026-02-15 14:06:24.823 Please replace `use_container_width` with `width`.

`use_container_width` will be removed after 2025-12-31.

For `use_container_width=True`, use `width='stretch'`. For `use_container_width=False`, use `width='content'`.
